---
source: crates/biome_cli/tests/snap_test.rs
expression: content
---
## `biome.json`

```json
{ "linter": { "enabled": true } }
```

## `.eslintrc.json`

```json
{}
```

# Emitted Messages

```block
No changes to apply to the Biome configuration file.
```
