---
source: crates/biome_cli/tests/snap_test.rs
expression: content
---
## `biome.json`

```json
{}
```

## `.eslintrc.json`

```json
{ "rules": { "no-else-return": "error" } }
```

# Emitted Messages

```block
biome.json migrate ━━━━━━━━━━━━━━━━━━━━━━━━━━━━━━━━━━━━━━━━━━━━━━━━━━━━━━━━━━━━━━━━━━━━━━━━━━━━━━━━━

  i Configuration file can be updated.
  
    1   │ - {}
      1 │ + {·"linter":·{·"rules":·{·"style":·{·"noUselessElse":·"error"·}·}·}·}
      2 │ + 
  

```

```block
Run the command with the option --write to apply the changes.
```
